[    0.000] Intilizing crop ubs puse
   0.000000] Initializing cgroup subss u
[  000000] Initializing crop susy cuact
[    0.000000] Linux version 4.4.0-119-genric (buldlcy01-am64013) (gcc version 5.4.0 2060609 (Ubtu5.4-6buntu1~16.04.9) ) #143-Ubuntu SMP MonApr 2 16:08:24 UTC 2018 (Ubuntu 4.4.0-119.143generic 4.4.114)
[    0.000000] Command line: OOT_IMA=/oot/vmlinuz-4.4.11-genericro=LABEL=couim-rootfroconslett1 conse=ty0
[    0.000000] KERNEL supported cpus:
[    .000000]  Intel GenuineIntel[   000000]   AMD AuthenticAMD
[   0.0000]  Centaur CentaurHauls
[    0.000000] x86/fpu: ta_offset[2]:  576, xstate_sizes[2]: 56
[    0.000000] x86/fpu: Supporting XSAVE feature 0x01: 'x87 floating point registers'
[    0.000000] x86/fpu: Supporting XSAVE feature 0x02: 'SSE registers'
[    0.0000 x86/fpu: Supporting XSE eatur0x: 'AVreisers'
[    0.0000] x86/puEnabled xstatfetures 0x7, context size is83byes, sing 'stada' formt.
[   00000 x/fu: Uin'lzy'FPcotext switches.
[    0.000000] e820: BIOS-provided physical RAM map:
[    0.000000] BIOS-e820: [mem 0x000000000000000-0x000000000fbf] usle
[    0.000000] BIOS-e820: [mem 0x00000000fc00-00000000ff] rervd
[  000000]BIS-82: [mm 000000000000-000000000ff] eseerved[   0.00] BIOe80:[mem 0x00000010000x00000003ffff] uab
    0.0000 BIOS-82: [me0x000003f0000x000000fffff]AC dat
   0.000000]IO-e20[mm 0x00000fec0000x00000ec00ff] reserve
[   0.000000] BIOS-e20[mem 000000fee00000-0x000000000feeff] resered
[   00000] OSe820[mm 0x00000000fffc0000-0x00000000ffffffff] reserved
[    0.000000] NX (Execute Disable) proteion:active
[    0.000000] SMBIOS 2.5 present.
[    0.000000]Hyerviso dteted: KVM
[   0.0000] e820: last_pfn = 0x3fff0 max_arch_pfn = 0x400000000
[    0.000000] TR Dsabled
[    0.0000 x86/PAT:MTs isaedskippg ATinitializaio to.
[    0.000000] CPUTR allblk  virtalized system.
[    0.00000] 6/T: Coigatio[07]: W    C-UCWB WT C- UC 
[    0.000000] found SMP MP-table at [mem 0x0009fff0-0x0009ffff] mapped at [ffff88000009fff0]
[    0.000000] Scanning 1 areas for low memory corruption
[    0.000000] RAMDISK: [mem 0x36aa4000-0x37549fff]
[    0.000000] ACPI: Early table checksum verification disabled
[   000000] ACPI: RSDP 0x00000000000E0000 000024 (v02 VBOX  )
[    0.000000] ACPI: XSDT 0x000000003FFF0030 00003C (v01 VBOX   VBOXXSDT 00000001 ASL  00000061)
[    0.000000] ACPI: FACP0x000000003FFF00F0 0000F4 (v04 VBOX  VBOXCP0000001SL  0000)
[   .00000 ACPI: DSDT 0x00000000FF0470 0021FF v0VBX   VBOBI 000002 INL 01058)
[    0.000000] ACPI: FACS 0x00003FFF00 000
    .000] AI:ACS 0x000003F02 0000
   0000] ACPI AIC x0000000FF020 00005C (v02 VBOX   VBOAP 00000001SL 00000061)
[  0.0000]CP: SSDT 0x000000003FFF02 001CC (v01BO  VBCP 0000002IN 2010028
[   0.00000]No NUA nfiguatn ound
[  00000] king a ndet mem 0x0000000000000-0x000000003ffefff]
[    0.000000] NODE_DATA(0) allocated [mem 0x3ffeb000-0x3ffeffff]
[    0.000000] kvm-clock: Using msrs 4b564d01 and4b640[    0.000000] kvmclck cpu 0 msr 0:3ffe3001,primarycpcloc
  0.0000]kvm-cloc: in sheofset of 4283134 cls
[   00000 cckoucekv-clok:ask: 0fffffffffffma_ccl: 0x1d44dfb,maide_ns:81905948ns
  0.00000 Zone ranges:
[    0.000000]   DMA      [mem 0x0000000000001000-0x0000000000ffffff]
[    0.000000]   DMA32    [mem 0x0000000001000000-0x000000003ffeffff]
[    0.000000]   Normal   empty
[    0.000]   vi   empty
[    0.000000] Movable zone stat or eah de
[  000000 Elymeornoe ans
[   00000]  od   0: [mem x00000000001000x00000000009efff][    00000]   od  0: [mem 0x0000001000-0000003feffff]
[    0.00000] Iitem setup node 0 [mem 0x0000000000001000-0x000000003ffeffff]
[   0.00000 ACP: PMTir IO Por: 4008
[    00000 IPIC[0]:pi_i 2, version 32, address 0xfec00000, GSI 0-23
[  0.000000] ACPI: INT_SRC_OVR (bs bu_irq 0 global_irq 2 dfl df)
[    0.000000] ACPI: INT_SRC_OVR (b 0 bus_rq9 lobal_ir 9 low level)
[    0.000000] Using ACPI (MADT) for SMP coniguraoninfomaon
[    0.000000] smpbot:Allowng CPs, 0 hotplug CPUs
[    0.000000] PM: Registered nosave memory: [mem 00000000x0000fff]
[   0.000000] PM: Registered nosave memor: [mem 0x0009f000-0x0009ffff]
[    0.000000] PM: Registered nosvemeory:[mm 0000a0000-x00efff]   0.000000] PM: Registered nosave memory: [mem 0x000f0000-0x000fffff]
[    0.000000] e820: [mem 0x40000000-0xfebfffff] available for PCI devices
[    0.000000] Booting paravirtualized kernel on KVM
[    0.000000] clocksource: refined-jiffies: mask: 0xffffffff max_cycles: 0xfffffff max_idle_ns: 7645519600211568 ns
[    0.00000] set_pcpu: NR_CPUS:512 n_cpumaskit:512 nr_cpu_ids2 nr_node_ids:
[  0.00000] PERCPU: Embedded 34 pages/cpu @ffff88003fc00000 s99544 r8192 d31528 u10485
[    0.000000] PV qspinlock hash table entries: 256 (order: 0, 4096 bytes)
[    0.000000] Built 1 zonelists in Node order, mobility grouping on.  Tot pges: 257912
[    00000] Policy zone: DMA32
[    0.000000] Kernel command line: BOOT_IMAGE=/boot/vmliuz-4.4.0-119-generic root=LABEL=cloudimg-rootfs ro console=tty1 console=ttyS0
[    0.000000] PID hash table entries: 4096 (order: 3, 32768 bytes)
[    0.000000] Memory: 1001620K/1048120K available (85K ernel code, 1313K rwdata, 3996K rodata, 1508K init, 1316K bss, 46500K reseve 0 cmareered)
[   00000 SLUB: HWalign=64, Order=0-3, MinObjects=0, CPUs=2, Nodes=1
[    0.000000] Kernel/User age tabls solation:enabled
[    0.00000] iearchialCU implementation.
[   000000 	Build-tim adjustmnt o lf fanout to 64.
[    0.000000] 	RCU restricting CUsrom NRPU512  n_cu_i=2
[    0.000000] RCU: Adjusting geometry for rcu_fanout_leaf=64,, nr_cpu_ids=2
[    0.000000] NR_IRQS:33024 nr_irqs:440 16
[    0.000000] Console: colour VGA+ 80x25
   0000000] console [tty enabd[  0.0000] conle[tyS eabled[    0.000000] tsc: Detected 2600.000 MHz processor
[   13.827740] Calibrating delay loop (skipped) preset value.. 5200.00 BogoMIPS (lpj=10400000)
[   13.900929] pid_max: default: 32768 minimum: 301
[   13.965172] ACPI: Core revision 20150930
[   13.986210] ACPI: 2 ACPI AML tables successfully acquired and loaded
[   14.025166] Security Framework initialized
[   14.062618] Yama: becoming mindful.
[   14.089086] AppArmor: AppArmor initialized
[   14.113320] Dentry cache hash table entries: 131072 (order: 8, 1048576 bytes)
[   14.142985] Inode-cache hash table entries: 65536 (order: 7, 524288 bytes)
[   14.150963] Mount-cache hash table entries: 2048 (order: 2, 16384 bytes)
[   14.156928] Mountpoint-cache hash table entries: 2048 (order: 2, 16384 bytes)
[   14.162115] Initializing cgroup subsys io
[   14.223175] Initializing cgroup subsys memory
[   14.255587] Initializing cgroup subsys devices
[   14.285583] Initializing cgroup subsys freezer
[   14.296593] Initializing cgroup subsys net_cls
[   14.305639] Initializing cgroup subsys perf_event
[   14.313886] Initializing cgroup subsys net_prio
[   14.325007] Initializing cgroup subsys hugetlb
[   14.327241] Initializing cgroup subsys pids
[   14.338168] CPU: Physical Processor ID: 0
[   14.350720] CPU: Processor Core ID: 0
[   14.376430] FEATURE SPEC_CTRL Not Present
[   14.397171] mce: CPU supports 0 MCE banks
[   14.398779] Last level iTLB entries: 4KB 1024, 2MB 1024, 4MB 1024
[   14.468885] Last level dTLB entries: 4KB 1024, 2MB 1024, 4MB 1024, 1GB 4
[   14.476686] Spectre V2 mitigation: Mitigation: Full generic retpoline
[   14.498090] Spectre V2 mitigation: Speculation control IBPB not-supported IBRS not-supported
[   14.513986] Freeing SMP alternatives memory: 32K
[   14.529538] ftrace: allocating 32195 entries in 126 pages
[   14.651113] smpboot: APIC(0) Converting physical 0 to logical package 0
[   14.680380] smpboot: Max logical packages: 1
[   14.687415] x2apic enabled
[   14.713720] Switched APIC routing to physical x2apic.
[   14.767217] ..TIMER: vector=0x30 apic1=0 pin1=2 apic2=-1 pin2=-1
[   14.916606] smpboot: CPU0: Intel(R) Core(TM) i5-4278U CPU @ 2.60GHz (family: 0x6, model: 0x45, stepping: 0x1)
[   15.077527] Performance Events: unsupported p6 CPU model 69 no PMU driver, software events only.
[   15.174053] KVM setup paravirtual spinlock
[   15.189601] x86: Booting SMP configuration:
[   15.214293] .... node  #0, CPUs:      #1
[   15.230133] kvm-clock: cpu 1, msr 0:3ffe3041, secondary cpu clock
[   15.272163] mce: CPU supports 0 MCE banks
[   15.280481] x86: Booted up 1 node, 2 CPUs
[   15.295743] smpboot: Total of 2 processors activated (10400.00 BogoMIPS)
[   15.318483] devtmpfs: initialized
[   15.338892] evm: security.selinux
[   15.341358] evm: security.SMACK64
[   15.357293] evm: security.SMACK64EXEC
[   15.366628] evm: security.SMACK64TRANSMUTE
[   15.368375] evm: security.SMACK64MMAP
[   15.382799] evm: security.ima
[   15.383897] evm: security.capability
[   15.391946] clocksource: jiffies: mask: 0xffffffff max_cycles: 0xffffffff, max_idle_ns: 7645041785100000 ns
[   15.493703] futex hash table entries: 512 (order: 3, 32768 bytes)
[   15.542341] pinctrl core: initialized pinctrl subsystem
[   15.548758] RTC time: 14:10:11, date: 04/18/18
[   15.593846] NET: Registered protocol family 16
[   15.665875] cpuidle: using governor ladder
[   15.761324] cpuidle: using governor menu
[   15.801304] PCCT header not found.
[   15.833744] ACPI: bus type PCI registered
[   15.835141] acpiphp: ACPI Hot Plug PCI Controller Driver version: 0.5
[   15.882075] PCI: Using configuration type 1 for base access
[   15.894073] ACPI: Added _OSI(Module Device)
[   15.938954] ACPI: Added _OSI(Processor Device)
[   15.940672] ACPI: Added _OSI(3.0 _SCP Extensions)
[   16.018085] ACPI: Added _OSI(Processor Aggregator Device)
[   16.075509] ACPI: Executed 1 blocks of module-level executable AML code
[   16.160844] ACPI: Interpreter enabled
[   16.191320] ACPI: (supports S0 S5)
[   16.222058] ACPI: Using IOAPIC for interrupt routing
[   16.274210] PCI: Using host bridge windows from ACPI; if necessary, use "pci=nocrs" and report a bug
[   16.320568] ACPI: PCI Root Bridge [PCI0] (domain 0000 [bus 00-ff])
[   16.349472] acpi PNP0A03:00: _OSC: OS supports [ASPM ClockPM Segments MSI]
[   16.392352] acpi PNP0A03:00: _OSC: not requesting OS control; OS requires [ExtendedConfig ASPM ClockPM MSI]
[   16.505041] acpi PNP0A03:00: fail to add MMCONFIG information, can't access extended PCI configuration space under this bridge.
[   16.656380] PCI host bridge to bus 0000:00
[   16.734062] pci_bus 0000:00: root bus resource [io  0x0000-0x0cf7 window]
[   16.823886] pci_bus 0000:00: root bus resource [io  0x0d00-0xffff window]
[   16.930563] pci_bus 0000:00: root bus resource [mem 0x000a0000-0x000bffff wwndow]
[   17.022276] pci_bus 0000:00: root bus resource [mem 0x40000000-0xfdffffff window]
[   17.124881] pci_bus 0000:00: root bus resource [bus 00-ff]
[   17.204033] pci 0000:00:01.1: legacy IDE quirk: reg 0x10: [io  0x01f0-0x01f7]
[   17.313208] pci 0000:00:01.1: legacy IDE quirk: reg 0x14: [io  0x03f6]
[   17.405405] pci 0000:00:01.1: legacy IDE quirk: reg 0x18: [io  0x0170-0x0177]
[   17.514741] pci 0000:00:01.1: legacy IDE quirk: reg 0x1c: [io  0x0376]
[   17.658404] pci 0000:00:07.0: quirk: [io  0x4000-0x403f] claimed by PIIX4 ACPI
[   17.778651] pci 0000:00:07.0: quirk: [io  0x4100-0x410f] claimed by PIIX4 SMB
[   17.833616] ACPI: PCI Interrupt Link [LNKA] (IRQs 5 9 10 *11)
[   17.906188] ACPI: PCI Interrupt Link [LNKB] (IRQs 5 9 *10 11)
[   17.990547] ACPI: PCI Interrupt Link [LNKC] (IRQs 5 *9 10 11)
[   18.067167] ACPI: PCI Interrupt Link [LNKD] (IRQs 5 9 10 *11)
[   18.145608] ACPI: Enabled 2 GPEs in block 00 to 07
[   18.198817] vgaarb: setting as boot device: PCI:0000:00:02.0
[   18.291025] vgaarb: device added: PCI:0000:00:02.0,decodes=io+mem,owns=io+mem,locks=none
[   18.416671] vgaarb: loaded
[   18.460386] vgaarb: bridge control possible 0000:00:02.0
[   18.511858] SCSI subsystem initialized
[   18.558355] ACPI: bus type USB registered
[   18.579295] usbcore: registered new interface driver usbfs
[   18.623972] usbcore: registered new interface driver hub
[   18.684157] usbcore: registered new device driver usb
[   18.758716] PCI: Using ACPI for IRQ routing
[   18.814903] NetLabel: Initializing
[   18.864850] NetLabel:  domain hash size = 128
[   18.928575] NetLabel:  protocols = UNLABELED CIPSOv4
[   19.007896] NetLabel:  unlabeled traffic allowed by default
[   19.085893] amd_nb: Cannot enumerate AMD northbridges
[   19.178951] clocksource: Switched to clocksource kvm-clock
[   9.93] pAmor: AppAmoFisystem Enabled
[  19.65272] pnp: PP ACPI init
[  18485pn P AI:fod 3 devices

[   20.238806] clocksource: acpi_pm: mask: 0xffffff max_cycles: 0xffffff, max_idle_ns: 2085701024 ns
[   20.276975] NET: Registered protocol family 2
[   20.278646] TCP established hash table entries: 8192 (order: 4, 65536 bytes)
[   20.300374] TCP bind hash table entries: 8192 (order: 5, 131072 bytes)
[   20.316937] TCP: Hash tables configured (established 8192 bind 8192)
[   20.355375] UDP hash table entries: 512 (order: 2, 16384 bytes)
[   20.368153] UDP-Lite hash table entries: 512 (order: 2, 16384 bytes)
[   20.427652] NET: Registered protocol family 1
[   20.493269] pci 0000:00:00.0: Limiting direct PCI/PCI transfers
[   20.536405] pci 0000:00:01.0: Activating ISA DMA hang workarounds
[   20.538657] Unpacking initramfs...
[   22.577939] Freeing initrd memory: 10904K
[   22.657902] RAPL PMU detected, API unit is 2^-32 Joules, 4 fixed counters 10737418240 ms ovfl timer
[   22.775932] hw unit of domain pp0-core 2^-0 Joules
[   22.841051] hw unit of domain package 2^-0 Joules
[   22.878561] hw unit of domain dram 2^-0 Joules
[   22.915376] hw unit of domain pp1-gpu 2^-0 Joules
[   22.991785] platform rtc_cmos: registered platform RTC device (no PNP device found)
[   23.074696] Scanning for low memory corruption every 60 seconds
[   23.124747] audit: initializing netlink subsys (disabled)
[   23.160205] audit: type=2000 audit(1524060606.137:1): initialized
[   23.162499] Initialise system trusted keyring
[   23.173044] HugeTLB registered 2 MB page size, pre-allocated 0 pages
[   23.200748] zbud: loaded
[   23.206275] VFS: Disk quotas dquot_6.6.0
[   23.217362] VFS: Dquot-cache hash table entries: 512 (order 0, 4096 bytes)
[   23.304567] squashfs: version 4.0 (2009/01/31) Phillip Lougher
[   23.330789] fuse init (API version 7.23)
[   23.368648] Key type big_key registered
[   23.407576] Allocating IMA MOK and blacklist keyrings.
[   23.476933] Key type asymmetric registered
[   23.527263] Asymmetric key parser 'x509' registered
[   23.576103] Block layer SCSI generic (bsg) driver version 0.4 loaded (major 249)
[   23.657743] io scheduler noop registered
[   23.707613] io scheduler deadline registered (default)
[   23.766123] io scheduler cfq registered
[   23.806702] pci_hotplug: PCI Hot Plug PCI Core version: 0.5
[   23.873825] pciehp: PCI Express Hot Plug Controller Driver version: 0.4
[   23.918982] ACPI: AC Adapter [AC] (off-line)
[   23.957715] input: Power Button as /devices/LNXSYSTM:00/LNXPWRBN:00/input/input0
[   23.977513] ACPI: Power Button [PWRF]
[   23.990816] input: Sleep Button as /devices/LNXSYSTM:00/LNXSLPBN:00/input/input1
[   24.062035] tsc: Refined TSC clocksource calibration: 2599.757 MHz
[   24.096112] clocksource: tsc: mask: 0xffffffffffffffff max_cycles: 0x25795677aef, max_idle_ns: 440795297541 ns
[   24.096170] ACPI: Sleep Button [SLPF]
[   24.183853] GHES: HEST is not enabled!
[   24.184994] ACPI: Battery Slot [BAT0] (battery present)
[   24.262185] Serial: 8250/16550 driver, 32 ports, IRQ sharing enabled
[   24.331045] 00:02: ttyS0 at I/O 0x3f8 (irq = 4, base_baud = 115200) is a 16550A
[   24.359288] Linux agpgart interface v0.103
[   24.367785] loop: module loaded
[   24.368652] scsi host0: ata_piix
[   24.368705] scsi host1: ata_piix
[   24.368731] ata1: PATA max UDMA/33 cmd 0x1f0 ctl 0x3f6 bmdma 0xd000 irq 14
[   24.368732] ata2: PATA max UDMA/33 cmd 0x170 ctl 0x376 bmdma 0xd008 irq 15
[   24.368811] libphy: Fixed MDIO Bus: probed
[   24.368814] tun: Universal TUN/TAP device driver, 1.6
[   24.368814] tun: (C) 1999-2004 Max Krasnyansky <maxk@qualcomm.com>
[   24.369191] PPP generic driver version 2.4.2
[   24.369244] ehci_hcd: USB 2.0 'Enhanced' Host Controller (EHCI) Driver
[   24.369248] ehci-pci: EHCI PCI platform driver
[   24.369262] ehci-platform: EHCI generic platform driver
[   24.369270] ohci_hcd: USB 1.1 'Open' Host Controller (OHCI) Driver
[   24.369273] ohci-pci: OHCI PCI platform driver
[   24.369280] ohci-platform: OHCI generic platform driver
[   24.369286] uhci_hcd: USB Universal Host Controller Interface driver
[   24.369337] i8042: PNP: PS/2 Controller [PNP0303:PS2K,PNP0f03:PS2M] at 0x60,0x64 irq 1,12
[   24.369767] serio: i8042 KBD port at 0x60,0x64 irq 1
[   24.369771] serio: i8042 AUX port at 0x60,0x64 irq 12
[   24.369860] mousedev: PS/2 mouse device common for all mice
[   24.370108] input: AT Translated Set 2 keyboard as /devices/platform/i8042/serio0/input/input2
[   24.370452] rtc_cmos rtc_cmos: rtc core: registered rtc_cmos as rtc0
[   24.370502] rtc_cmos rtc_cmos: alarms up to one day, 114 bytes nvram
[   24.370509] i2c /dev entries driver
[   24.370558] device-mapper: uevent: version 1.0.3
[   24.370605] device-mapper: ioctl: 4.34.0-ioctl (2015-10-28) initialised: dm-devel@redhat.com
[   24.370625] ledtrig-cpu: registered to indicate activity on CPUs
[   24.371230] NET: Registered protocol family 10
[   24.371357] NET: Registered protocol family 17
[   24.371365] Key type dns_resolver registered
[   24.371568] registered taskstats version 1
[   24.371581] Loading compiled-in X.509 certificates
[   24.372166] Loaded X.509 cert 'Build time autogenerated kernel key: f854e06633b5f496ced5b2e02c7b14f761b69302'
[   24.372227] zswap: loaded using pool lzo/zbud
[   24.374280] Key type trusted registered
[   24.377435] Key type encrypted registered
[   24.377442] AppArmor: AppArmor sha1 policy hashing enabled
[   24.377445] ima: No TPM chip found, activating TPM-bypass!
[   24.377466] evm: HMAC attrs: 0x1
[   24.378008]   Magic number: 14:440:182
[   24.379567] rtc_cmos rtc_cmos: setting system clock to 2018-04-18 14:10:19 UTC (1524060619)
[   24.379660] BIOS EDD facility v0.16 2004-Jun-25, 0 devices found
[   24.379660] EDD information not available.
[   26.359898] Freeing unused kernel memory: 1508K
[   26.500055] Write protecting the kernel read-only data: 14336k
[   26.821091] Freeing unused kernel memory: 1696K
[   26.822994] Freeing unused kernel memory: 100K
Loading, please wait...
starting version[   26.871811] random: udevadm: uninitialized urandom read (16 bytes read, 4 bits of entropy available)
 229
[   26.871964] random: systemd-udevd: uninitialized urandom read (16 bytes read, 4 bits of entropy available)
[   26.872029] random: systemd-udevd: uninitialized urandom read (16 bytes read, 4 bits of entropy available)
[   26.872039] random: systemd-udevd: uninitialized urandom read (16 bytes read, 4 bits of entropy available)
[   26.872050] random: systemd-udevd: uninitialized urandom read (16 bytes read, 4 bits of entropy available)
[   27.491055] random: udevadm: uninitialized urandom read (16 bytes read, 4 bits of entropy available)
[   27.617684] random: systemd-udevd: uninitialized urandom read (16 bytes read, 4 bits of entropy available)
[   27.705849] random: systemd-udevd: uninitialized urandom read (16 bytes read, 4 bits of entropy available)
[   27.707258] random: udevadm: uninitialized urandom read (16 bytes read, 4 bits of entropy available)
[   27.707296] random: udevadm: uninitialized urandom read (16 bytes read, 4 bits of entropy available)
[   27.899631] e1000: Intel(R) PRO/1000 Network Driver - version 7.3.21-k8-NAPI
[   27.904899] e1000: Copyright (c) 1999-2006 Intel Corporation.
[   27.910608] Fusion MPT base driver 3.04.20
[   27.924194] Copyright (c) 1999-2008 LSI Corporation
[   27.944533] Fusion MPT SPI Host driver 3.04.20
[   27.982154] AVX2 version of gcm_enc/dec engaged.
[   27.989510] AES CTR mode by8 optimization enabled
[   28.140287] input: ImExPS/2 Generic Explorer Mouse as /devices/platform/i8042/serio1/input/input4
[   28.351679] e1000 0000:00:03.0 eth0: (PCI:33MHz:32-bit) 02:39:99:10:d1:5e
[   28.426238] e1000 0000:00:03.0 eth0: Intel(R) PRO/1000 Network Connection
[   29.338093] e1000 0000:00:08.0 eth1: (PCI:33MHz:32-bit) 08:00:27:55:3a:41
[   29.950737] e1000 0000:00:08.0 eth1: Intel(R) PRO/1000 Network Connection
[   30.012735] mptbase: ioc0: Initiating bringup
[   30.013214] e1000 0000:00:08.0 enp0s8: renamed from eth1
[   30.059527] e1000 0000:00:03.0 enp0s3: renamed from eth0
[   30.131286] ioc0: LSI53C1030 A0: Capabilities={Initiator}
[   30.362232] scsi host2: ioc0: LSI53C1030 A0, FwRev=00000000h, Ports=1, MaxQ=256, IRQ=20
[   30.535603] scsi 2:0:0:0: Direct-Access     VBOX     HARDDISK         1.0  PQ: 0 ANSI: 5
[   31.007223] scsi target2:0:0: Beginning Domain Validation
[   31.031768] floppy0: no floppy controllers found
[   31.091416] scsi target2:0:0: Domain Validation skipping write tests
[   31.166875] scsi target2:0:0: Ending Domain Validation
[   31.176918] scsi target2:0:0: asynchronous
[   31.180072] scsi 2:0:1:0: Direct-Access     VBOX     HARDDISK         1.0  PQ: 0 ANSI: 5
[   31.234028] scsi target2:0:1: Beginning Domain Validation
[   31.283869] scsi target2:0:1: Domain Validation skipping write tests
[   31.323369] scsi target2:0:1: Ending Domain Validation
[   31.329615] scsi target2:0:1: asynchronous
[   31.364161] sd 2:0:0:0: [sda] 20971520 512-byte logical blocks: (10.7 GB/10.0 GiB)
[   31.376666] sd 2:0:0:0: Attached scsi generic sg0 type 0
[   31.383429] sd 2:0:0:0: [sda] Write Protect is off
[   31.383681] sd 2:0:0:0: [sda] Incomplete mode parameter data
[   31.383682] sd 2:0:0:0: [sda] Assuming drive cache: write through
[   31.387283]  sda: sda1
[   31.388133] sd 2:0:0:0: [sda] Attached SCSI disk
[   31.491129] sd 2:0:1:0: [sdb] 20480 512-byte logical blocks: (10.5 MB/10.0 MiB)
[   31.556049] sd 2:0:1:0: Attached scsi generic sg1 type 0
[   31.571012] sd 2:0:1:0: [sdb] Write Protect is off
[   31.952569] sd 2:0:1:0: [sdb] Incomplete mode parameter data
[   32.045546] sd 2:0:1:0: [sdb] Assuming drive cache: write through
[   32.062584] sd 2:0:1:0: [sdb] Attached SCSI disk
Begin: Loading e[   33.482627] md: linear personality registered for level -1
ssential drivers ... [   33.491559] md: multipath personality registered for level -4
[   33.574789] md: raid0 personality registered for level 0
[   33.601902] md: raid1 personality registered for level 1
[   33.695473] raid6: sse2x1   gen()  7908 MB/s
[   33.823091] raid6: sse2x1   xor()  6915 MB/s
[   33.919332] raid6: sse2x2   gen() 11415 MB/s
[   34.038999] raid6: sse2x2   xor()  7776 MB/s
[   34.162970] raid6: sse2x4   gen() 12012 MB/s
[   34.255567] raid6: sse2x4   xor()  9480 MB/s
[   34.355020] raid6: avx2x1   gen() 16998 MB/s
[   34.475603] raid6: avx2x2   gen() 19212 MB/s
[   34.594997] raid6: avx2x4   gen() 21458 MB/s
[   34.631072] raid6: using algorithm avx2x4 gen() 21458 MB/s
[   34.642820] raid6: using avx2x2 recovery algorithm
[   34.681326] xor: automatically using best checksumming function:
[   34.803203]    avx       : 19927.000 MB/sec
[   34.840940] async_tx: api initialized (async)
[   34.880474] md: raid6 personality registered for level 6
[   34.964295] md: raid5 personality registered for level 5
[   35.006092] md: raid4 personality registered for level 4
[   35.066970] md: raid10 personality registered for level 10
done.
Begin: Running /scripts/init-premount ...[   35.163754] Btrfs loaded
 done.
Begin: Mounting root file system ... Begin: Running /scripts/local-top ... done.
Begin: Running /script[   35.278405] EXT4-fs (sda1): mounted filesystem with ordered data mode. Opts: (null)
s/local-premount ... Scanning for Btrfs filesystems
done.
Warning: fsck not present, so skipping root file system
done.
Begin: Running /scripts/local-bottom ... done.
Begin: Running /scripts/init-bottom ... done.
[   35.75879 systemd[1]: systemd 229 running in ysm od. PA +DI+SIN +MA +APPARMOR +SMACK +SYSVINIT +UTMP +LIBCRYPTSETUP +GCRYPT +GNUTLS +ACL +XZ -LZ4 +SECCOMP +BLKID +ELFUTILS +KMOD -IDN)
[   36.341875] systemd[1]: Detected virtualization oracle.
[   36.35717 sstmd1] Decedrcteur x-6.

Welcome to [1mUbuntu 16.04.4 LTS[0m!

[   36.948659] systemd[1]: Set hostname to <ubuntu-xenial>.
[   37.424626] systemd[1]: Created slice System Slice.
[[0;32m  OK  [0m] Created slice System Slice.
[   37.527602] systemd[1]: Created slice User and Session Slice.
[[0;32m  OK  [0m] Created slice User and Session Slice.
[   37.579819] systemd[1]: Listening on udev Kernel Socket.
[[0;32m  OK  [0m] Listening on udev Kernel Socket.
[   37.638813] systemd[1]: Listening on Journal Socket.
[[0;32m  OK  [0m] Listening on Journal Socket.
[   37.691754] systemd[1]: Starting Remount Root and Kernel File Systems...
[   37.724780] EXT4-fs (sda1): re-mounted. Opts: (null)
         Starting Remount Root and Kernel File Systems...
[   37.827711] systemd[1]: Starting Uncomplicated firewall...
         Starting Uncomplicated firewall...
[   37.907483] systemd[1]: Starting Load Kernel Modules...
[   3.967] oainiSSItrnsor cass v2.0-870.

         Starting Load Kernel Modules...
[   38.325324] systemd[1]: Reached target Encrypted Volumes.
[[0;32m  OK  [[   38.336364] random: nonblocking pool is initialized
0m] Reached target Encrypted Volumes.
[   38.379866] iscsi: registered transport (tcp)
[   38.387622] systemd[1]: Mounting Debug File System...
         Mounting Debug File System...
[   38.407272] systemd[1]: Reached target Swap.
[[0;32m  OK  [0m] Reached target Swap.
[   38.445788] systemd[1]: Created slice system-serial\x2dgetty.slice.
[[0;32m  OK  [0m] Created slice system-serial\x2dgetty.slice.[   38.482981] iscsi: registered transport (iser)

[   38.492233] systemd[1]: Listening on Syslog Socket.
[[0;32m  OK  [0m] Listening on Syslog Socket.
[   38.567511] systemd[1]: Mounting POSIX Message Queue File System...
         Mounting POSIX Message Queue File System...
[   38.636066] systemd[1]: Starting Set console keymap...
         Starting Set console keymap...
[   38.683623] systemd[1]: Started Forward Password Requests to Wall Directory Watch.
[[0;32m  OK  [0m] Started Forward Password Requests to Wall Directory Watch.
[   38.745674] systemd[1]: Listening on /dev/initctl Compatibility Named Pipe.
[[0;32m  OK  [0m] Listening on /dev/initctl Compatibility Named Pipe.
[   38.760789] systemd[1]: Reached target System Time Synchronized.
[[0;32m  OK  [0m] Reached target System Time Synchronized.
[   38.828] sysmd]:isni oLV2 pl emon scket.
[[0;32m  OK  [0m] Listening on LVM2 poll daemon socket.
[ 39.43648] systemd[1]: Started Trige resolvonuptefoneor D.
[[0;32m  OK  [0m] Started Trigger resolvconf update for networkd DNS.
[   40.347565] systemd[1]: Starting Create list of required static device nodes for the current kernel...
         Starting Create list of required st... nodes for the current kernel...
[  40.459577] syted[: stnig  JuralAut Sck.
[[0;32m  OK  [0m] Listening on Journal Audit Socket.
[   41.075120] systemd[1]: Starting Nameserver information manager...
         Starting Nameserver information manager...
[   41.104916] systemd[1]: Set up automount Arbitrary Executable File Formats File System Automount Point.
[[0;32m  OK  [0m] Set up automount Arbitrary Executab...ats File System Automount Point.
[   41.21315] stemd[1]: Lstening on Journal Soet/dv/log).
[[0;32m  OK  [0m] Listening on Journal Socket (/dev/log).
[   41.539521] systemd[1]: Starting Journal Service...
         Starting Journal Service...
[   41.584367] systemd[1]: Listening on LVM2 metadata daemon socket.
[[0;32m  OK  [0m] Listening on LVM2 metadata daemon socket.
[   41.624712] systemd[1]: Reached target User and Group Name Lookups.
[[0;32m  OK  [0m] Reached target User and Group Name Lookups.
[   41.686168] systemd[1]: Listening on udev Control Socket.
[[0;32m  OK  [0m] Listening on udev Control Socket.
[   41.732312] systemd[1]: Mounting Huge Pages File System...
         Mounting Huge Pages File System...
[   41.771610] systemd[1]: Reached target Slices.
[[0;32m  OK  [0m] Reached target Slices.
[   41.789643] systemd[1]: Listening on Device-mapper event daemon FIFOs.
[[0;32m  OK  [0m] Listening on Device-mapper event daemon FIFOs.
[   41.807795] systemd[1]: Starting Monitoring of LVM2 mirrors, snapshots etc. using dmeventd or progress polling...
         Starting Monitoring of LVM2 mirrors... dmeventd or progress polling...
[   41.857685] systemd[1]: Mounted Debug File System.
[[0;32m  OK  [0m] Mounted Debug File System.
[   41.881446] systemd[1]: Mounted POSIX Message Queue File System.
[[0;32m  OK  [0m] Mounted POSIX Message Queue File System.
[  49347 ste[1]:Monted Huge Pages File System.
[[0;32m  OK  [0m] Mounted Huge Pages File System.
[   42.372220] ste[1]: Strt Jrn Svie.
[[0;32m  OK  [0m] Started Journal Service.
[[0;32m  OK  [0m] Started Remount Root and Kernel File Systems.
[[0;32m  OK  [0m] Started Uncomplicated firewall.
[[0;32m  OK  [0m] Started Load Kernel Modules.
[[0;32m  OK  [0m] Started Set console keymap.
[[0;32m  OK  [0m] Started Create list of required sta...ce nodes for the current kernel.
[[0;32m  OK  [0m] Started Nameserver information manager.
[[0;32m  OK  [0m] Started LVM2 metadata daemon.
         Starting Create Static Device Nodes in /dev...
         Mounting FUSE Control File System...
         Starting Apply Kernel Variables...
         Starting Load/Save Random Seed...
         Starting udev Coldplug all Devices...
         Starting Initial cloud-init job (pre-networking)...
         Starting Flush Journal to Persistent Storage...
[[0;32m  OK  [0m] Mounted FUSE Control File System.
[[0;32m  OK  [0m] Started Monitoring of LVM2 mirrors,...ng dmeventd or progress polling.
[[0;32m  OK  [0m] Started Create Static Device Nodes in /dev.
[[0;32m  OK  [0m] Started Apply Kernel Variables.
[[0;32m  OK  [0m] Started Load/Save Random Seed.
[[0;32m  OK  [0m] Started udev Coldplug all Devices.
         Starting udev Kernel Device Manager...
[[0;32m  OK  [0m] Started Flush Journal to Persistent Storage.
[[0;32m  OK  [0m] Started udev Kernel Device Manager.
[[0;32m  OK  [0m] Reached target Local File Systems (Pre).
[[0;32m  OK  [0m] Reached target Local File Systems.
         Starting Set console font and keymap...
         Starting Create Volatile Files and Directories...
         Starting Tell Plymouth To Write Out Runtime Data...
         Starting LSB: AppArmor initialization...
[[0;32m  OK  [0m] Started Dispatch Password Requests to Console Directory Watch.
[[0;32m  OK  [0m] Started Create Volatile Files and Directories.
[[0;32m  OK  [0m] Started Tell Plymouth To Write Out Runtime Data.
[[0;32m  OK  [0m] Found device /dev/ttyS0.
         Starting Update UTMP about System Boot/Shutdown...
[[0;32m  OK  [0m] Found device 82540EM Gigabit Ethern...r (PRO/1000 MT Desktop Adapter).
[[0;32m  OK  [0m] Started Update UTMP about System Boot/Shutdown.
[[0;32m  OK  [0m] Found device 82540EM Gigabit Ethern...r (PRO/1000 MT Desktop Adapter).
[[0;32m  OK  [0m] Started LSB: AppArmor initialization.
[[0;32m  OK  [0m] Listening on Load/Save RF Kill Switch Status /dev/rfkill Watch.
[[0;32m  OK  [0m] Started Set console font and keymap.
[[0;32m  OK  [0m] Created slice system-getty.slice.
[   27.245515] cloud-init[457]: Cloud-init v. 17.2 running 'init-local' at Wed, 18 Apr 2018 14:10:40 +0000. Up 26.94 seconds.
[[0;32m  OK  [0m] Started Initial cloud-init job (pre-networking).
[[0;32m  OK  [0m] Reached target Network (Pre).
         Starting Raise network interfaces...
[[0;32m  OK  [0m] Started ifup for enp0s8.
[[0;32m  OK  [0m] Started ifup for enp0s3.
[[0;32m  OK  [0m] Started Raise network interfaces.
[[0;32m  OK  [0m] Reached target Network.
         Starting Initial cloud-init job (metadata service crawler)...
[   29.702426] cloud-init[1048]: Cloud-init v. 17.2 running 'init' at Wed, 18 Apr 2018 14:10:42 +0000. Up 29.26 seconds.
[   29.777521] cloud-init[1048]: ci-info: ++++++++++++++++++++++++++++++++++++++Net device info++++++++++++++++++++++++++++++++++++++
[   29.875002] [cloud-init[0;32m  OK  [0m[1048]: ] ci-info: +--------+------+-----------------------------+---------------+-------+-------------------+Started Initial cloud-init job (metadata service crawler).

[   29.876247] cloud-init[1048]: ci-info: | Device |  Up  |           Address           |      Mask     | Scope |     Hw-Address    |
[   30.094983] [cloud-init[0;32m  OK  [0m[1048]: ] ci-info: +--------+------+-----------------------------+---------------+-------+-------------------+Reached target Network is Online.

[   30.097274] cloud-init[1048]: ci-info: | enp0s3 | True |          10.0.2.15          | 255.255.255.0 |   .   | 02:39:99:10:d1:5e |
[   30.255457] cloud-init[1048]: ci-info: | enp0s3 | True |  fe80::39:99ff:fe10:d15e/64 |       .       |  link | 02:39:99:10:d1:5e |
         Starting iSCSI initiator daemon (iscsid)...
[[0;32m  OK  [0m] Reached target System Initialization.
[   30.256424] cloud-init[1048]: ci-info: | enp0s8 | True |        192.168.33.10        | 255.255.255.0 |   .   | 08:00:27:55:3a:41 |
[   30.443191] cloud-init[1048]: ci-info: | enp0s8 | True | fe80::a00:27ff:fe55:3a41/64 |       .       |  link | 08:00:27:55:3a:41 |
[[0;32m  OK  [0m] Started ACPI Events Check.
[[0;32m  OK  [0m] Reached target Paths.
         Starting Socket activation for snappy daemon.
[   30.444355] cloud-init[1048]: ci-info: |   lo   | True |          127.0.0.1          |   255.0.0.0   |   .   |         .         |
[   30.687113] cloud-init[1048]: ci-info: |   lo   | True |           ::1/128           |       .       |  host |         .         |
[[0;32m  OK  [0m] Listening on ACPID Listen Socket.
[[0;32m  OK  [0m] Started Daily Cleanup of Temporary Directories.
[   30.688263] cloud-init[1048]: ci-info: +--------+------+-----------------------------+---------------+-------+-------------------+
[   30.825323]          cloud-initStarting LXD - unix socket.[1048]: 
ci-info: ++++++++++++++++++++++++++++Route IPv4 info++++++++++++++++++++++++++++
[[0;32m  OK  [0m] Listening on D-Bus System Message Bus Socket.
[   30.826287] [cloud-init[0;32m  OK  [0m[1048]: ] ci-info: +-------+--------------+----------+---------------+-----------+-------+Listening on UUID daemon activation socket.

[   31.048603] [cloud-init[0;32m  OK  [0m[1048]: ] ci-info: | Route | Destination  | Gateway  |    Genmask    | Interface | Flags |Started Timer to automatically refresh installed snaps.

[[0;32m  OK  [0m] Started Daily apt download activities.
[[0;32m  OK  [0m] Started Daily apt upgrade and clean activities.
[   31.049900] cloud-init[1048]: ci-info: +-------+--------------+----------+---------------+-----------+-------+
[[0;32m  OK  [0m] Reached target Timers.
[   31.318729] [cloud-init[1048]: ci-info: |   0   |   0.0.0.0    | 10.0.2.2 |    0.0.0.0    |   enp0s3  |   UG  |
[0;32m  OK  [0m] Reached target Cloud-config availability.
[   31.346141] cloud-init[1048]: ci-info: |   1   |   10.0.2.0   | 0.0.0.0  | 255.255.255.0 |   enp0s3  |   U   |
[[0;32m  OK  [0m] Listening on Socket activation for snappy daemon.
[   31.455183] cloud-init[[1048]: [0;32m  OK  [0mci-info: |   2   | 192.168.33.0 | 0.0.0.0  | 255.255.255.0 |   enp0s8  |   U   |] 
Listening on LXD - unix socket.
[   31.456789] [cloud-init[0;32m  OK  [0m[1048]: ] ci-info: +-------+--------------+----------+---------------+-----------+-------+Started iSCSI initiator daemon (iscsid).

         Starting Login to default iSCSI targets...
[[0;32m  OK  [0m] Reached target Sockets.
[[0;32m  OK  [0m] Reached target Basic System.
         Starting LSB: MD monitoring daemon...
[[0;32m  OK  [0m] Started Regular background program processing daemon.
         Starting LSB: Record successful boot for GRUB...
         Starting A high performance web server and a reverse proxy server...
[[0;32m  OK  [0m] Started Unattended Upgrades Shutdown.
         Starting Virtualbox guest utils...
         Starting /etc/rc.local Compatibility...
[[0;32m  OK  [0m] Started ACPI event daemon.
[[0;32m  OK  [0m] Started FUSE filesystem for LXC.
         Starting Login Service...
         Starting Snappy daemon...
[[0;32m  OK  [0m] Started D-Bus System Message Bus.
         Starting System Logging Service...
         Starting Apply the settings specified in cloud-config...
[[0;32m  OK  [0m] Started Deferred execution scheduler.
         Starting Accounts Service...
         Starting LXD - container startup/shutdown...
         Starting OpenBSD Secure Shell server...
[[0;32m  OK  [0m] Started System Logging Service.
[[0;32m  OK  [0m] Started /etc/rc.local Compatibility.
[[0;32m  OK  [0m] Started A high performance web server and a reverse proxy server.
[[0;32m  OK  [0m] Started Login Service.
[[0;32m  OK  [0m] Started LSB: Record successful boot for GRUB.
[[0;32m  OK  [0m] Started LSB: MD monitoring daemon.
[[0;32m  OK  [0m] Started Login to default iSCSI targets.
[[0;32m  OK  [0m] Started OpenBSD Secure Shell server.
[[0;32m  OK  [0m] Started Snappy daemon.
         Starting Authenticate and Authorize Users to Run Privileged Tasks...
[[0;32m  OK  [0m] Reached target Remote File Systems (Pre).
[[0;32m  OK  [0m] Reached target Remote File Systems.
         Starting LSB: automatic crash report generation...
         Starting LSB: Set the CPU Frequency Scaling governor to "ondemand"...
         Starting Permit User Sessions...
         Starting LSB: daemon to balance interrupts for SMP systems...
[[0;32m  OK  [0m] Started Virtualbox guest utils.
[[0;32m  OK  [0m] Started LXD - container startup/shutdown.
[[0;32m  OK  [0m] Started Permit User Sessions.
[[0;32m  OK  [0m] Started Authenticate and Authorize Users to Run Privileged Tasks.
[[0;32m  OK  [0m] Started Apply the settings specified in cloud-config.
[   33.429554] cloud-init[1151]: Cloud-init v. 17.2 running 'modules:config' at Wed, 18 Apr 2018 14:10:46 +0000. Up 33.26 seconds.
[[0;32m  OK  [0m] Started Accounts Service.
[[0;32m  OK  [0m] Started LSB: Set the CPU Frequency Scaling governor to "ondemand".
[[0;32m  OK  [0m] Started LSB: automatic crash report generation.
[[0;32m  OK  [0m] Created slice User Slice of vagrant.
[[0;32m  OK  [0m] Started Session 1 of user vagrant.
         Starting User Manager for UID 1000...
         Starting Hold until boot process finishes up...
         Starting Terminate Plymouth Boot Screen...
[[0;32m  OK  [0m] Started User Manager for UID 1000.
[[0;32m  OK  [0m] Started LSB: daemon to balance interrupts for SMP systems.
[[0;32m  OK  [0m] Started Hold until boot process finishes up.
[[0;32m  OK  [0m] Started Terminate Plymouth Boot Screen.
[[0;32m  OK  [0m] Started Serial Getty on ttyS0.
         Starting Set console scheme...
[[0;32m  OK  [0m] Started Getty on tty1.
[[0;32m  OK  [0m] Reached target Login Prompts.
[[0;32m  OK  [0m] Reached target Multi-User System.
         Starting Execute cloud user/final scripts...
[[0;32m  OK  [0m] Reached target Graphical Interface.
         Starting Update UTMP about System Runlevel Changes...
[[0;32m  OK  [0m] Started Set console scheme.
[[0;32m  OK  [0m] Started Update UTMP about System Runlevel Changes.
[   35.054250] cloud-init[1298]: Cloud-init v. 17.2 running 'modules:final' at Wed, 18 Apr 2018 14:10:48 +0000. Up 34.81 seconds.
[   35.120262] [cloud-init[0;32m  OK  [0m[1298]: ] Cloud-init v. 17.2 finished at Wed, 18 Apr 2018 14:10:48 +0000. Datasource DataSourceNoCloud [seed=/dev/sdb][dsmode=net].  Up 35.04 secondsStarted Execute cloud user/final scripts.

[[0;32m  OK  [0m] Reached target Cloud-init target.

Ubuntu 16.04.4 LTS ubuntu-xenial ttyS0

ubuntu-xenial login: 